1
708208754
329960962
597932428
90988822
566711179
0