1
117520861
0
601948356
766047214
57535868
0